DEBUG:root:Add: 10 + 5 = 15
DEBUG:root:sub: 10 + 5 = 5
DEBUG:root:mul: 10 + 5 = 50
DEBUG:root:div: 10 + 5 = 2.0
DEBUG:root:Add: 20 + 10 = 30
DEBUG:root:sub: 20 + 10 = 10
DEBUG:root:mul: 20 + 10 = 200
DEBUG:root:div: 20 + 10 = 2.0
DEBUG:root:Add: 20 + 0 = 20
DEBUG:root:sub: 20 + 0 = 20
DEBUG:root:mul: 20 + 0 = 0
2024-09-01 21:52:47,459:DEBUG:Add: 20 + 10 = 30
2024-09-01 21:52:47,460:DEBUG:sub: 20 + 10 = 10
2024-09-01 21:52:47,460:DEBUG:mul: 20 + 10 = 200
2024-09-01 21:52:47,460:DEBUG:div: 20 + 10 = 2.0
